
> albion-zerg-nextjs@1.0.0 build
> next build

Ôû▓ Next.js 16.1.6 (Turbopack)
- Environments: .env.local

node.exe : ÔÜá The "middleware" file convention is deprecated. Please use "proxy" instead. Learn more: 
https://nextjs.org/docs/messages/middleware-to-proxy
Au caractère C:\Program Files\nodejs\npm.ps1:29 : 3
+   & $NODE_EXE $NPM_CLI_JS $args
+   ~~~~~~~~~~~~~~~~~~~~~~~~~~~~~
    + CategoryInfo          : NotSpecified: (ÔÜá The "middle...leware-to-proxy:String) [], RemoteException
    + FullyQualifiedErrorId : NativeCommandError
 
  Creating an optimized production build ...
Ô£ô Compiled successfully in 6.5s
  Running TypeScript ...
Failed to compile.

./app/activities/[id]/roaster/page.tsx:313:47
Type error: Property 'composition' does not exist on type '{ id: string; name: string; description: string | null; 
composition_id: string | null; scheduled_at: string; status: ActivityStatus; roaster_locked: boolean; created_by: 
string; created_at: string; updated_at: string; }'. Did you mean 'composition_id'?

[0m [90m 311 |[39m   }
 [90m 312 |[39m
[31m[1m>[22m[39m[90m 313 |[39m   [36mconst[39m composition [33m=[39m 
[33mArray[39m[33m.[39misArray(activity[33m?[39m[33m.[39mcomposition) [33m?[39m 
activity[33m.[39mcomposition[[35m0[39m] [33m:[39m activity[33m?[39m[33m.[39mcomposition
 [90m     |[39m                                               [31m[1m^[22m[39m
 [90m 314 |[39m   [36mconst[39m totalGroups [33m=[39m composition[33m?[39m[33m.[39mtotal_groups [33m||[39m 
[35m1[39m
 [90m 315 |[39m   [36mconst[39m groupSlots [33m=[39m roasterSlots[33m.[39mfilter(s [33m=>[39m 
s[33m.[39mgroup_number [33m===[39m activeGroup)
 [90m 316 |[39m   [36mconst[39m assignedUserIds [33m=[39m [36mnew[39m 
[33mSet[39m(roasterSlots[33m.[39mfilter(s [33m=>[39m s[33m.[39muser_id)[33m.[39mmap(s [33m=>[39m 
s[33m.[39muser_id))[0m
Next.js build worker exited with code: 1 and signal: null
